// Jest Snapshot v1, https://goo.gl/fbAQLP

exports[`CheckpointTasks should match the snapshot for CheckpointTasks 1`] = `
<div
  style={
    Object {
      "height": 300,
      "width": "100%",
    }
  }
>
  <Memo
    checkboxSelection={false}
    columns={
      Array [
        Object {
          "field": "taskName",
          "flex": 1,
          "headerName": "Task",
        },
        Object {
          "field": "expectedCompletionDate",
          "flex": 1,
          "headerName": "ETA",
        },
        Object {
          "field": "comments",
          "flex": 1,
          "headerName": "Comments",
        },
        Object {
          "field": "completed",
          "headerName": "Status",
          "valueFormatter": [Function],
          "width": 160,
        },
      ]
    }
    hideFooter={true}
    pageSize={5}
    rows={
      Array [
        Object {
          "checkpointId": 1,
          "comments": "Finished",
          "completed": true,
          "expectedCompletionDate": "25-01-2021",
          "id": 1,
          "taskName": "Meetings with stakeholder",
        },
      ]
    }
  />
</div>
`;
